// Jest Snapshot v1, https://goo.gl/fbAQLP

exports[`renders consistently 1`] = `
<div>
  <header
    class="SiteHeader"
  >
    <button
      class="Button TransparentButton MenuButton"
      type="button"
    >
      <i
        class="fa-solid fa-bars"
      />
    </button>
    <a
      class="HeaderLogo"
      href="/"
    >
      <img
        alt="prospresso logo"
        src="logo.png"
      />
      <h1>
        prospresso
      </h1>
    </a>
    <div
      class="HeaderLinks"
    >
      <a
        href="/"
      >
        Home
      </a>
      <a
        href="/shop"
      >
        Shop
      </a>
    </div>
    <button
      class="Button TransparentButton CartButton"
      type="button"
    >
      <i
        class="fa-solid fa-cart-shopping"
      />
      <span
        class="CartNum"
      />
    </button>
  </header>
</div>
`;
